OK 1-1 sq1 1581068
OK 1-1 sq2 1483324
OK 1-1 logo 2115159
OK 1-2 profile1 1708665
OK 1-2 profile2 1672885
OK 1-1 hero 2639873
OK 1-2 hero 2645914
OK 1-2 profile3 1635402
OK 1-2 sq1 1413858
OK 1-2 sq2 1573455
OK 1-2 sq3 1503583
OK 1-2 sq4 1615549
OK 1-2 sq5 1419737
OK 1-2 profile4 1699639
OK 1-2 sq6 1391560
OK 1-2 logo 2075204
OK 1-3 sq1 1448934
OK 1-4 sq1 1540780
OK 1-4 sq2 1418829
OK 1-4 sq3 1497065
OK 1-3 hero 2870015
OK 1-4 hero 2743944
OK 1-4 sq4 1334302
OK 2-2 sq2 1525372
OK 2-2 sq1 1548377
OK 2-2 profile 1714263
OK 2-1 profile 1757992
OK 2-3 sq2 1413651
OK 2-2 logo 2128057
OK 2-2 sq3 1683694
OK 2-3 sq1 1553020
OK 2-3 sq3 1464349
OK 2-3 sq4 1477030
SKIP(exists) 2-4 profile
OK 2-3 profile 1865574
OK 2-3 sq5 1458361
OK 2-3 sq6 1541532
OK 2-3 logo 2116259
OK 3-1 sq1 1535167
OK 3-1 sq2 1441229
OK 3-1 sq3 1372634
OK 3-1 logo 2131039
OK 3-2 sq1 1570064
OK 3-1 hero 2762611
OK 3-2 hero 2983723
DONE 0 failures of 45
